// Jest Snapshot v1, https://goo.gl/fbAQLP

exports[`colors.njk multiple colors without transparency get rendered 1`] = `
"$test-color: rgb(255, 255, 255);
$test-color-two: rgb(255, 255, 255);
"
`;
